Partial/Required:  8.03, Required:    400.0, Partial:  3211.56, Net: _27372_, Pin: _45471_/A0, Layer: met3
Partial/Required:  7.60, Required:    400.0, Partial:  3038.29, Net: _11967_, Pin: _38691_/S1, Layer: met3
Partial/Required:  7.52, Required:    400.0, Partial:  3007.37, Net: _13087_, Pin: _60686_/A1, Layer: met3
Partial/Required:  6.71, Required:    400.0, Partial:  2683.56, Net: _13134_, Pin: _58985_/A0, Layer: met3
Partial/Required:  5.21, Required:    400.0, Partial:   2083.0, Net: _11266_, Pin: _53282_/A1, Layer: met2
Partial/Required:  4.26, Required:    400.0, Partial:  1703.56, Net: _10083_, Pin: _59010_/B, Layer: met1
Partial/Required:  3.96, Required:    400.0, Partial:  1585.35, Net: net10, Pin: output10/A, Layer: met1
Partial/Required:  3.80, Required:    400.0, Partial:  1519.94, Net: _15881_, Pin: _63532_/A0, Layer: met2
Partial/Required:  3.64, Required:    400.0, Partial:  1457.44, Net: _17324_, Pin: _38966_/A0, Layer: met2
Partial/Required:  3.55, Required:    400.0, Partial:  1421.84, Net: _11241_, Pin: _58576_/A1, Layer: met3
Partial/Required:  3.47, Required:    400.0, Partial:  1387.83, Net: _17616_, Pin: _67138_/A, Layer: met3
Partial/Required:  3.38, Required:    400.0, Partial:  1351.39, Net: _17543_, Pin: _67222_/A, Layer: met3
Partial/Required:  3.38, Required:    400.0, Partial:  1351.39, Net: _17543_, Pin: _37243_/A, Layer: met3
Partial/Required:  3.38, Required:    400.0, Partial:  1351.39, Net: _17543_, Pin: _35244_/A, Layer: met3
Partial/Required:  3.25, Required:    400.0, Partial:  1301.56, Net: _26418_, Pin: _44158_/A0, Layer: met1
Partial/Required:  3.13, Required:    400.0, Partial:  1251.44, Net: _26422_, Pin: _43309_/A0, Layer: met1
Partial/Required:  3.06, Required:    400.0, Partial:  1223.67, Net: _17127_, Pin: _39211_/A0, Layer: met2
Partial/Required:  2.99, Required:    400.0, Partial:  1194.44, Net: _13149_, Pin: _58975_/A0, Layer: met2
Partial/Required:  2.98, Required:    400.0, Partial:  1190.22, Net: _32110_, Pin: _51529_/A0, Layer: met2
Partial/Required:  2.89, Required:    400.0, Partial:  1157.22, Net: _17388_, Pin: _39018_/A0, Layer: met2
Partial/Required:  2.85, Required:    400.0, Partial:  1139.63, Net: net5, Pin: _59755_/A1, Layer: met1
Partial/Required:  2.84, Required:    400.0, Partial:  1135.11, Net: _26908_, Pin: _45020_/A0, Layer: met1
Partial/Required:  2.75, Required:    400.0, Partial:  1100.89, Net: _27641_, Pin: _45510_/A0, Layer: met1
Partial/Required:  2.74, Required:    400.0, Partial:  1094.44, Net: _24450_, Pin: _41006_/A0, Layer: met1
Partial/Required:  2.62, Required:    400.0, Partial:  1047.29, Net: _17608_, Pin: _34355_/A, Layer: met3
Partial/Required:  2.54, Required:    400.0, Partial:  1015.67, Net: _13153_, Pin: _63447_/A0, Layer: met1
Partial/Required:  2.54, Required:    400.0, Partial:  1015.56, Net: _11467_, Pin: _52418_/A0, Layer: met2
Partial/Required:  2.51, Required:    400.0, Partial:  1004.17, Net: _13508_, Pin: _59457_/A0, Layer: met2
Partial/Required:  2.50, Required:    400.0, Partial:  1001.89, Net: _13508_, Pin: _60318_/A0, Layer: met1
Partial/Required:  2.50, Required:    400.0, Partial:   1001.8, Net: _12331_, Pin: _57629_/A1, Layer: met3
Partial/Required:  2.50, Required:    400.0, Partial:   1001.8, Net: _12331_, Pin: _60901_/A1, Layer: met3
Partial/Required:  2.50, Required:    400.0, Partial:   1001.8, Net: _12331_, Pin: _60718_/A1, Layer: met3
Partial/Required:  2.50, Required:    400.0, Partial:   1001.8, Net: _12331_, Pin: _60789_/A1, Layer: met3
Partial/Required:  2.50, Required:    400.0, Partial:   1001.8, Net: _12331_, Pin: _61179_/A1, Layer: met3
Partial/Required:  2.50, Required:    400.0, Partial:   1001.8, Net: _12331_, Pin: _57559_/A1, Layer: met3
Partial/Required:  2.48, Required:    400.0, Partial:   992.22, Net: _12278_, Pin: _62792_/A1, Layer: met1
Partial/Required:  2.46, Required:    400.0, Partial:   983.73, Net: _22240_, Pin: _37163_/A2, Layer: met3
Partial/Required:  2.44, Required:    400.0, Partial:   974.16, Net: _11217_, Pin: _50863_/A, Layer: met3
Partial/Required:  2.44, Required:    400.0, Partial:   974.16, Net: _11217_, Pin: _43140_/A, Layer: met3
Partial/Required:  2.42, Required:    400.0, Partial:   969.65, Net: _11459_, Pin: _52513_/A0, Layer: met3
Partial/Required:  2.41, Required:    400.0, Partial:   964.11, Net: _14840_, Pin: _61833_/A0, Layer: met1
Partial/Required:  2.36, Required:    400.0, Partial:   944.72, Net: _27633_, Pin: _45938_/A0, Layer: met2
Partial/Required:  2.33, Required:    400.0, Partial:   930.61, Net: _26068_, Pin: _43216_/A1, Layer: met2
Partial/Required:  2.29, Required:    400.0, Partial:   917.06, Net: _15910_, Pin: _63877_/A0, Layer: met2
Partial/Required:  2.29, Required:    400.0, Partial:   917.06, Net: _15910_, Pin: _63756_/A0, Layer: met2
Partial/Required:  2.28, Required:    400.0, Partial:   911.81, Net: _13660_, Pin: _59704_/B1, Layer: met2
Partial/Required:  2.19, Required:    400.0, Partial:   875.76, Net: net18, Pin: output18/A, Layer: met1
Partial/Required:  2.18, Required:    400.0, Partial:   872.89, Net: _18586_, Pin: _67476_/A2_N, Layer: met1
Partial/Required:  2.15, Required:    400.0, Partial:   858.83, Net: _13141_, Pin: _63807_/A0, Layer: met2
Partial/Required:  2.15, Required:    400.0, Partial:   858.17, Net: _12278_, Pin: _62792_/A1, Layer: met2
Partial/Required:  2.11, Required:    400.0, Partial:   845.22, Net: _31814_, Pin: _51620_/A1, Layer: met2
Partial/Required:  2.11, Required:    400.0, Partial:   844.67, Net: _12783_, Pin: _59593_/A0, Layer: met2
Partial/Required:  2.11, Required:    400.0, Partial:   843.39, Net: _15883_, Pin: _66014_/A0, Layer: met2
Partial/Required:  2.11, Required:    400.0, Partial:   843.39, Net: _15883_, Pin: _64066_/A0, Layer: met2
Partial/Required:  2.11, Required:    400.0, Partial:   843.39, Net: _15883_, Pin: _63535_/A0, Layer: met2
Partial/Required:  2.09, Required:    400.0, Partial:   836.86, Net: _17608_, Pin: _67923_/A, Layer: met3
Partial/Required:  2.09, Required:    400.0, Partial:   836.86, Net: _17608_, Pin: _40092_/C, Layer: met3
Partial/Required:  2.09, Required:    400.0, Partial:   836.86, Net: _17608_, Pin: _35938_/A, Layer: met3
Partial/Required:  2.09, Required:    400.0, Partial:   836.86, Net: _17608_, Pin: _66872_/A, Layer: met3
Partial/Required:  2.09, Required:    400.0, Partial:   836.86, Net: _17608_, Pin: _67669_/A, Layer: met3
Partial/Required:  2.08, Required:    400.0, Partial:   833.22, Net: _29506_, Pin: _49395_/A0, Layer: met2
Partial/Required:  2.08, Required:    400.0, Partial:   831.89, Net: _13510_, Pin: _60442_/A0, Layer: met1
Partial/Required:  2.06, Required:    400.0, Partial:   825.56, Net: _26074_, Pin: _44372_/A1, Layer: met1
Partial/Required:  2.03, Required:    400.0, Partial:   810.67, Net: _09502_, Pin: _77497_/D, Layer: met1
Partial/Required:  2.02, Required:    400.0, Partial:   809.09, Net: _17716_, Pin: _38796_/B1, Layer: met2
Partial/Required:  2.02, Required:    400.0, Partial:   807.11, Net: _27635_, Pin: _45615_/A0, Layer: met1
Partial/Required:  1.93, Required:    400.0, Partial:   772.56, Net: _17671_, Pin: _67137_/A, Layer: met1
Partial/Required:  1.93, Required:    400.0, Partial:   772.06, Net: _17964_, Pin: _38555_/B1, Layer: met2
Partial/Required:  1.93, Required:    400.0, Partial:   771.83, Net: _31818_, Pin: _52083_/A1, Layer: met2
Partial/Required:  1.92, Required:    400.0, Partial:   769.78, Net: _13510_, Pin: _60320_/A0, Layer: met1
Partial/Required:  1.90, Required:    400.0, Partial:   761.11, Net: _15183_, Pin: _62356_/A0, Layer: met1
Partial/Required:  1.89, Required:    400.0, Partial:   757.39, Net: _26093_, Pin: _44952_/A0, Layer: met2
Partial/Required:  1.88, Required:    400.0, Partial:   752.67, Net: _26093_, Pin: _44830_/A0, Layer: met1
Partial/Required:  1.87, Required:    400.0, Partial:   749.22, Net: _24462_, Pin: _40268_/A0, Layer: met2
Partial/Required:  1.87, Required:    400.0, Partial:   748.56, Net: _26095_, Pin: _44937_/A0, Layer: met2
Partial/Required:  1.85, Required:    400.0, Partial:   741.89, Net: _14842_, Pin: _61870_/A0, Layer: met1
Partial/Required:  1.84, Required:    400.0, Partial:   736.94, Net: _31820_, Pin: _52085_/A1, Layer: met2
Partial/Required:  1.84, Required:    400.0, Partial:   736.72, Net: _12157_, Pin: _57245_/A0, Layer: met2
Partial/Required:  1.84, Required:    400.0, Partial:   734.78, Net: _15716_, Pin: _40751_/A1, Layer: met1
Partial/Required:  1.83, Required:    400.0, Partial:   733.44, Net: _15118_, Pin: _62300_/A0, Layer: met1
Partial/Required:  1.83, Required:    400.0, Partial:   732.61, Net: _31826_, Pin: _51396_/A0, Layer: met2
Partial/Required:  1.82, Required:    400.0, Partial:   729.65, Net: _11275_, Pin: _53288_/A1, Layer: met3
Partial/Required:  1.81, Required:    400.0, Partial:   723.39, Net: _28369_, Pin: _46448_/C, Layer: met2
Partial/Required:  1.75, Required:    400.0, Partial:   701.44, Net: _25430_, Pin: _41898_/A0, Layer: met1
Partial/Required:  1.75, Required:    400.0, Partial:   698.67, Net: _11485_, Pin: _53407_/A0, Layer: met2
Partial/Required:  1.75, Required:    400.0, Partial:   698.67, Net: _11485_, Pin: _53390_/A0, Layer: met2
Partial/Required:  1.73, Required:    400.0, Partial:   691.22, Net: _14053_, Pin: _60966_/A0, Layer: met2
Partial/Required:  1.72, Required:    400.0, Partial:   687.83, Net: _15874_, Pin: _63522_/A0, Layer: met2
Partial/Required:  1.72, Required:    400.0, Partial:   687.83, Net: _15874_, Pin: _66004_/A0, Layer: met2
Partial/Required:  1.72, Required:    400.0, Partial:   687.83, Net: _15874_, Pin: _64055_/A0, Layer: met2
Partial/Required:  1.72, Required:    400.0, Partial:   687.53, Net: _27031_, Pin: _44584_/A1, Layer: met2
Partial/Required:  1.72, Required:    400.0, Partial:   687.53, Net: _27031_, Pin: _44549_/A1, Layer: met2
Partial/Required:  1.70, Required:    400.0, Partial:   681.28, Net: _24466_, Pin: _40272_/A0, Layer: met2
Partial/Required:  1.70, Required:    400.0, Partial:   681.11, Net: _27000_, Pin: _45347_/A1, Layer: met1
Partial/Required:  1.70, Required:    400.0, Partial:   678.22, Net: _24349_, Pin: _41227_/A0, Layer: met1
Partial/Required:  1.66, Required:    400.0, Partial:   665.78, Net: _11483_, Pin: _56384_/A1, Layer: met2
Partial/Required:  1.66, Required:    400.0, Partial:    662.5, Net: _17761_, Pin: _67263_/B1, Layer: met1
Partial/Required:  1.64, Required:    400.0, Partial:   657.97, Net: _11229_, Pin: _52917_/A, Layer: met3
Partial/Required:  1.64, Required:    400.0, Partial:    657.0, Net: _27656_, Pin: _51224_/A0, Layer: met1
Partial/Required:  1.63, Required:    400.0, Partial:    652.0, Net: _12961_, Pin: _58780_/A0, Layer: met2
Partial/Required:  1.59, Required:    400.0, Partial:   637.56, Net: _24685_, Pin: _40300_/A0, Layer: met1
Partial/Required:  1.59, Required:    400.0, Partial:   635.33, Net: _11692_, Pin: _56988_/A0, Layer: met1
Partial/Required:  1.59, Required:    400.0, Partial:   634.11, Net: _13597_, Pin: _60522_/A0, Layer: met1
Partial/Required:  1.58, Required:    400.0, Partial:   632.34, Net: _11666_, Pin: _56411_/A, Layer: met3
Partial/Required:  1.57, Required:    400.0, Partial:   629.67, Net: cpu.decoded_imm\[30\], Pin: _47209_/A, Layer: met1
Partial/Required:  1.57, Required:    400.0, Partial:   627.51, Net: _12367_, Pin: _62756_/A1, Layer: met2
Partial/Required:  1.57, Required:    400.0, Partial:   627.51, Net: _12367_, Pin: _62807_/A1, Layer: met2
Partial/Required:  1.57, Required:    400.0, Partial:   627.51, Net: _12367_, Pin: _57614_/A1, Layer: met2
Partial/Required:  1.57, Required:    400.0, Partial:   627.51, Net: _12367_, Pin: _57669_/A1, Layer: met2
Partial/Required:  1.56, Required:    400.0, Partial:    626.0, Net: _26958_, Pin: _45716_/A1, Layer: met1
Partial/Required:  1.56, Required:    400.0, Partial:    623.0, Net: _17396_, Pin: _39902_/A0, Layer: met2
Partial/Required:  1.55, Required:    400.0, Partial:   621.78, Net: _11702_, Pin: _56885_/A0, Layer: met2
Partial/Required:  1.55, Required:    400.0, Partial:   618.78, Net: _15728_, Pin: _66053_/A1, Layer: met1
Partial/Required:  1.53, Required:    400.0, Partial:    614.0, Net: _27404_, Pin: _47269_/A1, Layer: met1
Partial/Required:  1.53, Required:    400.0, Partial:   612.77, Net: _17487_, Pin: _67687_/A, Layer: met3
Partial/Required:  1.53, Required:    400.0, Partial:   612.77, Net: _17487_, Pin: _66399_/A, Layer: met3
Partial/Required:  1.53, Required:    400.0, Partial:   612.77, Net: _17487_, Pin: _35704_/A, Layer: met3
Partial/Required:  1.53, Required:    400.0, Partial:   612.77, Net: _17487_, Pin: _36092_/A, Layer: met3
Partial/Required:  1.53, Required:    400.0, Partial:   611.22, Net: _24765_, Pin: _40657_/A0, Layer: met1
Partial/Required:  1.52, Required:    400.0, Partial:   609.82, Net: _27029_, Pin: _44909_/A1, Layer: met3
Partial/Required:  1.52, Required:    400.0, Partial:   609.82, Net: _27029_, Pin: _45098_/A1, Layer: met3
Partial/Required:  1.52, Required:    400.0, Partial:   609.82, Net: _27029_, Pin: _45363_/A1, Layer: met3
Partial/Required:  1.52, Required:    400.0, Partial:    609.0, Net: _13151_, Pin: _58977_/A0, Layer: met2
Partial/Required:  1.52, Required:    400.0, Partial:   606.56, Net: _16749_, Pin: _65308_/A0, Layer: met1
Partial/Required:  1.51, Required:    400.0, Partial:   604.56, Net: _15122_, Pin: _62364_/A0, Layer: met1
Partial/Required:  1.51, Required:    400.0, Partial:   603.33, Net: _18381_, Pin: _67270_/A2_N, Layer: met1
Partial/Required:  1.51, Required:    400.0, Partial:   602.89, Net: _25357_, Pin: _41459_/A0, Layer: met1
Partial/Required:  1.50, Required:    400.0, Partial:   598.67, Net: _27654_, Pin: _51153_/A0, Layer: met1
Partial/Required:  1.48, Required:    400.0, Partial:   591.24, Net: _17115_, Pin: _39199_/A0, Layer: met3
Partial/Required:  1.46, Required:    400.0, Partial:   585.04, Net: _11456_, Pin: _57802_/A, Layer: met3
Partial/Required:  1.46, Required:    400.0, Partial:   585.04, Net: _11456_, Pin: _56544_/A, Layer: met3
Partial/Required:  1.46, Required:    400.0, Partial:   585.04, Net: _11456_, Pin: _56914_/A, Layer: met3
Partial/Required:  1.44, Required:    400.0, Partial:   575.27, Net: _17821_, Pin: _66710_/A2, Layer: met1
Partial/Required:  1.43, Required:    400.0, Partial:   573.22, Net: _26066_, Pin: _44252_/A1, Layer: met1
Partial/Required:  1.43, Required:    400.0, Partial:   571.78, Net: _27595_, Pin: _45679_/A0, Layer: met1
Partial/Required:  1.42, Required:    400.0, Partial:   567.63, Net: _26087_, Pin: _44204_/A0, Layer: met3
Partial/Required:  1.42, Required:    400.0, Partial:   567.63, Net: _26087_, Pin: _43769_/A0, Layer: met3
Partial/Required:  1.42, Required:    400.0, Partial:   567.63, Net: _26087_, Pin: _44636_/A0, Layer: met3
Partial/Required:  1.42, Required:    400.0, Partial:   567.63, Net: _26087_, Pin: _44428_/A0, Layer: met3
Partial/Required:  1.42, Required:    400.0, Partial:   567.63, Net: _26087_, Pin: _44824_/A0, Layer: met3
Partial/Required:  1.42, Required:    400.0, Partial:   567.63, Net: _26087_, Pin: _42718_/A0, Layer: met3
Partial/Required:  1.42, Required:    400.0, Partial:   567.63, Net: _26087_, Pin: _43348_/A0, Layer: met3
Partial/Required:  1.42, Required:    400.0, Partial:   567.63, Net: _26087_, Pin: _44532_/A0, Layer: met3
Partial/Required:  1.42, Required:    400.0, Partial:   567.56, Net: _11751_, Pin: _56678_/A0, Layer: met1
Partial/Required:  1.42, Required:    400.0, Partial:    566.0, Net: _15722_, Pin: _66047_/A1, Layer: met1
Partial/Required:  1.41, Required:    400.0, Partial:    565.0, Net: _13091_, Pin: _38961_/A1, Layer: met2
Partial/Required:  1.41, Required:    400.0, Partial:   563.07, Net: _21399_, Pin: _37659_/B2, Layer: met1
Partial/Required:  1.41, Required:    400.0, Partial:    562.0, Net: _27648_, Pin: _51046_/A0, Layer: met1
Partial/Required:  1.40, Required:    400.0, Partial:   561.09, Net: _26119_, Pin: _42770_/A0, Layer: met2
Partial/Required:  1.40, Required:    400.0, Partial:   561.09, Net: _26119_, Pin: _45211_/A0, Layer: met2
Partial/Required:  1.40, Required:    400.0, Partial:   561.09, Net: _26119_, Pin: _44989_/A0, Layer: met2
Partial/Required:  1.40, Required:    400.0, Partial:   560.06, Net: _12758_, Pin: _59251_/A0, Layer: met2
Partial/Required:  1.40, Required:    400.0, Partial:   560.06, Net: _12758_, Pin: _58437_/A0, Layer: met2
Partial/Required:  1.39, Required:    400.0, Partial:   557.78, Net: _12936_, Pin: _58770_/A0, Layer: met2
Partial/Required:  1.39, Required:    400.0, Partial:   554.67, Net: _16739_, Pin: _65116_/A0, Layer: met1
Partial/Required:  1.38, Required:    400.0, Partial:   553.44, Net: _11679_, Pin: _56427_/A0, Layer: met1
Partial/Required:  1.38, Required:    400.0, Partial:   552.44, Net: _25430_, Pin: _41616_/A0, Layer: met2
Partial/Required:  1.38, Required:    400.0, Partial:   550.78, Net: _13320_, Pin: _54323_/A1, Layer: met1
Partial/Required:  1.37, Required:    400.0, Partial:   547.61, Net: _12331_, Pin: _60901_/A1, Layer: met2
Partial/Required:  1.37, Required:    400.0, Partial:   547.61, Net: _12331_, Pin: _61179_/A1, Layer: met2
Partial/Required:  1.37, Required:    400.0, Partial:   546.44, Net: _13512_, Pin: _60391_/A0, Layer: met1
Partial/Required:  1.37, Required:    400.0, Partial:   546.22, Net: _25438_, Pin: _41624_/A0, Layer: met1
Partial/Required:  1.36, Required:    400.0, Partial:   545.56, Net: _12143_, Pin: _57731_/A0, Layer: met1
Partial/Required:  1.36, Required:    400.0, Partial:   545.46, Net: _11489_, Pin: _56390_/A1, Layer: met2
Partial/Required:  1.36, Required:    400.0, Partial:   545.46, Net: _11489_, Pin: _56129_/A1, Layer: met2
Partial/Required:  1.36, Required:    400.0, Partial:   545.46, Net: _11489_, Pin: _56521_/A1, Layer: met2
Partial/Required:  1.36, Required:    400.0, Partial:   544.44, Net: _21595_, Pin: _37311_/B1, Layer: met1
Partial/Required:  1.36, Required:    400.0, Partial:   543.87, Net: _13147_, Pin: _58993_/A0, Layer: met3
Partial/Required:  1.36, Required:    400.0, Partial:   543.77, Net: _17478_, Pin: _36301_/A, Layer: met1
Partial/Required:  1.36, Required:    400.0, Partial:   543.22, Net: _11690_, Pin: _57700_/A0, Layer: met1
Partial/Required:  1.36, Required:    400.0, Partial:   543.22, Net: _11690_, Pin: _56699_/A0, Layer: met1
Partial/Required:  1.35, Required:    400.0, Partial:   540.74, Net: net16, Pin: output16/A, Layer: met1
Partial/Required:  1.35, Required:    400.0, Partial:   540.17, Net: _11965_, Pin: _34527_/A, Layer: met3
Partial/Required:  1.35, Required:    400.0, Partial:   540.17, Net: _11965_, Pin: _66405_/A, Layer: met3
Partial/Required:  1.35, Required:    400.0, Partial:   540.17, Net: _11965_, Pin: _66848_/A, Layer: met3
Partial/Required:  1.35, Required:    400.0, Partial:   540.17, Net: _11965_, Pin: _34884_/A, Layer: met3
Partial/Required:  1.34, Required:    400.0, Partial:   536.89, Net: _26087_, Pin: _43348_/A0, Layer: met2
Partial/Required:  1.34, Required:    400.0, Partial:   536.89, Net: _26087_, Pin: _44532_/A0, Layer: met2
Partial/Required:  1.34, Required:    400.0, Partial:    534.8, Net: cpu.pcpi_rs2\[26\], Pin: _51966_/A1, Layer: met2
Partial/Required:  1.34, Required:    400.0, Partial:   534.19, Net: _25277_, Pin: _41333_/A0, Layer: met2
Partial/Required:  1.34, Required:    400.0, Partial:   534.19, Net: _25277_, Pin: _41298_/A0, Layer: met2
Partial/Required:  1.34, Required:    400.0, Partial:   534.19, Net: _25277_, Pin: _41502_/A0, Layer: met2
Partial/Required:  1.33, Required:    400.0, Partial:   532.03, Net: _15217_, Pin: _62723_/A0, Layer: met2
Partial/Required:  1.33, Required:    400.0, Partial:   532.03, Net: _15217_, Pin: _62898_/A0, Layer: met2
Partial/Required:  1.32, Required:    400.0, Partial:    530.0, Net: _13301_, Pin: _59143_/A, Layer: met3
Partial/Required:  1.32, Required:    400.0, Partial:    530.0, Net: _13301_, Pin: _65402_/A, Layer: met3
Partial/Required:  1.32, Required:    400.0, Partial:   527.64, Net: u_ram.mem\[160\]\[6\], Pin: _67950_/B2, Layer: met1
Partial/Required:  1.32, Required:    400.0, Partial:    527.0, Net: _24216_, Pin: _39761_/A0, Layer: met1
Partial/Required:  1.31, Required:    400.0, Partial:   523.67, Net: _25348_, Pin: _42100_/A0, Layer: met1
Partial/Required:  1.31, Required:    400.0, Partial:   522.76, Net: _32110_, Pin: _51798_/A0, Layer: met3
Partial/Required:  1.31, Required:    400.0, Partial:   522.76, Net: _32110_, Pin: _51289_/A0, Layer: met3
Partial/Required:  1.31, Required:    400.0, Partial:   522.76, Net: _32110_, Pin: _51764_/A0, Layer: met3
Partial/Required:  1.31, Required:    400.0, Partial:   522.76, Net: _32110_, Pin: _51605_/A0, Layer: met3
Partial/Required:  1.30, Required:    400.0, Partial:   518.56, Net: _13508_, Pin: _60440_/A0, Layer: met2
Partial/Required:  1.29, Required:    400.0, Partial:   514.67, Net: _31757_, Pin: _51400_/A0, Layer: met3
Partial/Required:  1.29, Required:    400.0, Partial:   514.44, Net: _11263_, Pin: _52886_/A1, Layer: met3
Partial/Required:  1.29, Required:    400.0, Partial:   514.44, Net: _11263_, Pin: _53229_/A1, Layer: met3
Partial/Required:  1.29, Required:    400.0, Partial:   514.44, Net: _11263_, Pin: _53280_/A1, Layer: met3
Partial/Required:  1.29, Required:    400.0, Partial:   514.44, Net: _11263_, Pin: _51858_/A1, Layer: met3
Partial/Required:  1.28, Required:    400.0, Partial:   513.68, Net: _19449_, Pin: _35962_/B1, Layer: met1
Partial/Required:  1.28, Required:    400.0, Partial:   511.67, Net: _25344_, Pin: _42096_/A0, Layer: met1
Partial/Required:  1.28, Required:    400.0, Partial:   510.11, Net: _26814_, Pin: _45218_/A1, Layer: met1
Partial/Required:  1.27, Required:    400.0, Partial:   509.39, Net: _31763_, Pin: _52680_/A1, Layer: met2
Partial/Required:  1.27, Required:    400.0, Partial:   508.61, Net: _12936_, Pin: _58918_/A0, Layer: met2
Partial/Required:  1.27, Required:    400.0, Partial:   508.61, Net: _12936_, Pin: _58883_/A0, Layer: met2
Partial/Required:  1.27, Required:    400.0, Partial:   508.41, Net: _27652_, Pin: _51254_/A0, Layer: met3
Partial/Required:  1.27, Required:    400.0, Partial:   508.41, Net: _27652_, Pin: _51109_/A0, Layer: met3
Partial/Required:  1.27, Required:    400.0, Partial:   508.41, Net: _27652_, Pin: _51151_/A0, Layer: met3
Partial/Required:  1.27, Required:    400.0, Partial:   508.41, Net: _27652_, Pin: _45525_/A0, Layer: met3
Partial/Required:  1.27, Required:    400.0, Partial:   507.22, Net: _15713_, Pin: _66039_/A1, Layer: met1
Partial/Required:  1.26, Required:    400.0, Partial:   505.86, Net: _12936_, Pin: _58665_/A0, Layer: met2
Partial/Required:  1.26, Required:    400.0, Partial:   505.86, Net: _12936_, Pin: _58735_/A0, Layer: met2
Partial/Required:  1.26, Required:    400.0, Partial:   503.67, Net: cpu.mem_wordsize\[1\], Pin: _55278_/A, Layer: met2
Partial/Required:  1.26, Required:    400.0, Partial:   502.22, Net: _15922_, Pin: _64158_/A0, Layer: met1
Partial/Required:  1.25, Required:    400.0, Partial:   500.83, Net: _11465_, Pin: _52656_/A0, Layer: met2
Partial/Required:  1.25, Required:    400.0, Partial:   500.78, Net: _15922_, Pin: _63907_/A0, Layer: met1
Partial/Required:  1.25, Required:    400.0, Partial:    500.5, Net: _30677_, Pin: _51006_/A0, Layer: met2
Partial/Required:  1.25, Required:    400.0, Partial:    500.5, Net: _30677_, Pin: _51176_/A0, Layer: met2
Partial/Required:  1.25, Required:    400.0, Partial:   498.83, Net: _11479_, Pin: _56114_/A1, Layer: met2
Partial/Required:  1.25, Required:    400.0, Partial:   498.83, Net: _11479_, Pin: _56380_/A1, Layer: met2
Partial/Required:  1.25, Required:    400.0, Partial:   498.83, Net: _11479_, Pin: _56511_/A1, Layer: met2
Partial/Required:  1.24, Required:    400.0, Partial:   497.68, Net: _32114_, Pin: _51768_/A0, Layer: met3
Partial/Required:  1.24, Required:    400.0, Partial:   497.68, Net: _32114_, Pin: _51802_/A0, Layer: met3
Partial/Required:  1.24, Required:    400.0, Partial:   497.68, Net: _32114_, Pin: _51295_/A0, Layer: met3
Partial/Required:  1.24, Required:    400.0, Partial:   497.68, Net: _32114_, Pin: _51609_/A0, Layer: met3
Partial/Required:  1.24, Required:    400.0, Partial:   497.65, Net: _11709_, Pin: _56891_/A0, Layer: met3
Partial/Required:  1.24, Required:    400.0, Partial:   497.65, Net: _11709_, Pin: _56834_/A0, Layer: met3
Partial/Required:  1.24, Required:    400.0, Partial:   497.65, Net: _11709_, Pin: _56777_/A0, Layer: met3
Partial/Required:  1.24, Required:    400.0, Partial:   497.65, Net: _11709_, Pin: _57005_/A0, Layer: met3
Partial/Required:  1.24, Required:    400.0, Partial:   497.65, Net: _11709_, Pin: _57271_/A0, Layer: met3
Partial/Required:  1.24, Required:    400.0, Partial:   497.65, Net: _27631_, Pin: _45953_/A0, Layer: met3
Partial/Required:  1.24, Required:    400.0, Partial:   497.56, Net: _13599_, Pin: _60524_/A0, Layer: met1
Partial/Required:  1.24, Required:    400.0, Partial:   497.22, Net: _16180_, Pin: _66010_/A0, Layer: met1
Partial/Required:  1.24, Required:    400.0, Partial:   496.67, Net: _16644_, Pin: _65272_/A0, Layer: met1
Partial/Required:  1.24, Required:    400.0, Partial:   496.17, Net: _12806_, Pin: _59576_/A0, Layer: met2
Partial/Required:  1.23, Required:    400.0, Partial:   493.04, Net: _22239_, Pin: _38364_/S0, Layer: met1
Partial/Required:  1.23, Required:    400.0, Partial:    492.0, Net: u_ram.mem\[148\]\[9\], Pin: _63790_/A1, Layer: met1
Partial/Required:  1.23, Required:    400.0, Partial:   490.08, Net: _21340_, Pin: _36256_/C1, Layer: met3
Partial/Required:  1.22, Required:    400.0, Partial:   489.33, Net: _25272_, Pin: _42061_/A0, Layer: met1
Partial/Required:  1.22, Required:    400.0, Partial:   488.63, Net: _11275_, Pin: _42216_/A, Layer: met3
Partial/Required:  1.22, Required:    400.0, Partial:   488.63, Net: _11275_, Pin: _44027_/A, Layer: met3
Partial/Required:  1.22, Required:    400.0, Partial:   488.63, Net: _11275_, Pin: _40572_/A, Layer: met3
Partial/Required:  1.22, Required:    400.0, Partial:   488.63, Net: _11275_, Pin: _53561_/A1, Layer: met3
Partial/Required:  1.22, Required:    400.0, Partial:   488.11, Net: _12447_, Pin: _57820_/A0, Layer: met1
Partial/Required:  1.21, Required:    400.0, Partial:   483.56, Net: _12806_, Pin: _58420_/A0, Layer: met2
Partial/Required:  1.21, Required:  3872.32, Partial:  4677.08, Net: _17340_, Pin: _39088_/A0, Layer: met3
Partial/Required:  1.20, Required:    400.0, Partial:   481.59, Net: _15571_, Pin: _63225_/A1, Layer: met3
Partial/Required:  1.20, Required:    400.0, Partial:   481.59, Net: _15571_, Pin: _62982_/A1, Layer: met3
Partial/Required:  1.20, Required:    400.0, Partial:   478.99, Net: _12948_, Pin: _63998_/A, Layer: met4
Partial/Required:  1.20, Required:    400.0, Partial:   478.99, Net: _12948_, Pin: _58942_/A, Layer: met4
Partial/Required:  1.20, Required:    400.0, Partial:   478.83, Net: net20, Pin: _33986_/B, Layer: met2
Partial/Required:  1.20, Required:    400.0, Partial:    478.0, Net: _25283_, Pin: _41339_/A0, Layer: met2
Partial/Required:  1.20, Required:    400.0, Partial:    478.0, Net: _25283_, Pin: _41304_/A0, Layer: met2
Partial/Required:  1.19, Required:    400.0, Partial:    476.5, Net: _16216_, Pin: _64439_/A0, Layer: met2
Partial/Required:  1.19, Required:    400.0, Partial:    476.5, Net: _16216_, Pin: _64353_/A0, Layer: met2
Partial/Required:  1.19, Required:    400.0, Partial:    476.5, Net: _16216_, Pin: _65315_/A0, Layer: met2
Partial/Required:  1.19, Required:    400.0, Partial:   475.78, Net: u_ram.mem\[148\]\[8\], Pin: _63788_/A1, Layer: met1
Partial/Required:  1.19, Required:    400.0, Partial:   475.06, Net: _16747_, Pin: _65547_/A0, Layer: met2
Partial/Required:  1.19, Required:    400.0, Partial:   475.06, Net: _16747_, Pin: _65684_/A0, Layer: met2
Partial/Required:  1.19, Required:    400.0, Partial:   474.22, Net: _15971_, Pin: _63840_/A0, Layer: met1
Partial/Required:  1.18, Required:    400.0, Partial:   473.44, Net: _26089_, Pin: _44931_/A0, Layer: met2
Partial/Required:  1.18, Required:    400.0, Partial:   473.44, Net: _26089_, Pin: _42721_/A0, Layer: met2
Partial/Required:  1.18, Required:    400.0, Partial:   473.44, Net: _26089_, Pin: _44948_/A0, Layer: met2
Partial/Required:  1.18, Required:    400.0, Partial:    473.0, Net: _11803_, Pin: _57042_/A1, Layer: met1
Partial/Required:  1.18, Required:    400.0, Partial:    473.0, Net: _13143_, Pin: _61635_/A0, Layer: met1
Partial/Required:  1.18, Required:    400.0, Partial:   472.89, Net: _11481_, Pin: _54354_/A0, Layer: met2
Partial/Required:  1.18, Required:    400.0, Partial:   472.56, Net: _28973_, Pin: _47075_/B, Layer: met1
Partial/Required:  1.17, Required:    400.0, Partial:   469.76, Net: _31757_, Pin: _51029_/A0, Layer: met2
Partial/Required:  1.17, Required:    400.0, Partial:   469.76, Net: _31757_, Pin: _51182_/A0, Layer: met2
Partial/Required:  1.17, Required:    400.0, Partial:   469.76, Net: _31757_, Pin: _51012_/A0, Layer: met2
Partial/Required:  1.17, Required:    400.0, Partial:   469.41, Net: _13599_, Pin: _59619_/A0, Layer: met3
Partial/Required:  1.17, Required:    400.0, Partial:   469.41, Net: _13599_, Pin: _60351_/A0, Layer: met3
Partial/Required:  1.17, Required:    400.0, Partial:   469.41, Net: _13599_, Pin: _60236_/A0, Layer: met3
Partial/Required:  1.17, Required:    400.0, Partial:   469.41, Net: _13599_, Pin: _60253_/A0, Layer: met3
Partial/Required:  1.17, Required:    400.0, Partial:   469.41, Net: _13599_, Pin: _60368_/A0, Layer: met3
Partial/Required:  1.17, Required:    400.0, Partial:   468.66, Net: _27602_, Pin: _45669_/A0, Layer: met3
Partial/Required:  1.17, Required:    400.0, Partial:   468.66, Net: _27602_, Pin: _45634_/A0, Layer: met3
Partial/Required:  1.17, Required:    400.0, Partial:   468.66, Net: _27602_, Pin: _45599_/A0, Layer: met3
Partial/Required:  1.17, Required:    400.0, Partial:   468.11, Net: _15907_, Pin: _63673_/A0, Layer: met1
Partial/Required:  1.17, Required:    400.0, Partial:   467.89, Net: _13177_, Pin: _59017_/A, Layer: met1
Partial/Required:  1.17, Required:    400.0, Partial:   467.67, Net: _16323_, Pin: _64800_/A0, Layer: met1
Partial/Required:  1.17, Required:    400.0, Partial:   467.13, Net: _32013_, Pin: _52782_/A0, Layer: met3
Partial/Required:  1.17, Required:    400.0, Partial:   467.13, Net: _32013_, Pin: _51936_/A0, Layer: met3
Partial/Required:  1.17, Required:    400.0, Partial:   467.13, Net: _32013_, Pin: _52338_/A0, Layer: met3
Partial/Required:  1.17, Required:    400.0, Partial:   466.56, Net: _28835_, Pin: _46933_/B, Layer: met1
Partial/Required:  1.16, Required:    400.0, Partial:   464.89, Net: _15720_, Pin: _65879_/A1, Layer: met1
Partial/Required:  1.16, Required:    400.0, Partial:   464.33, Net: _32024_, Pin: _52792_/A0, Layer: met1
Partial/Required:  1.15, Required:    400.0, Partial:   459.13, Net: _12764_, Pin: _58493_/A0, Layer: met3
Partial/Required:  1.15, Required:    400.0, Partial:   459.13, Net: _12764_, Pin: _58312_/A0, Layer: met3
Partial/Required:  1.15, Required:    400.0, Partial:   459.13, Net: _12764_, Pin: _58389_/A0, Layer: met3
Partial/Required:  1.15, Required:    400.0, Partial:   458.86, Net: _13514_, Pin: _59588_/A0, Layer: met3
Partial/Required:  1.15, Required:    400.0, Partial:   458.86, Net: _13514_, Pin: _60393_/A0, Layer: met3
Partial/Required:  1.15, Required:    400.0, Partial:   458.48, Net: net18, Pin: output18/A, Layer: met2
Partial/Required:  1.15, Required:    400.0, Partial:   458.37, Net: _11487_, Pin: _56388_/A1, Layer: met3
Partial/Required:  1.15, Required:    400.0, Partial:   458.37, Net: _11487_, Pin: _56519_/A1, Layer: met3
Partial/Required:  1.15, Required:    400.0, Partial:   458.37, Net: _11487_, Pin: _56126_/A1, Layer: met3
Partial/Required:  1.14, Required:    400.0, Partial:   457.89, Net: _17111_, Pin: _38932_/A0, Layer: met2
Partial/Required:  1.14, Required:    400.0, Partial:   457.89, Net: _17111_, Pin: _65728_/A0, Layer: met2
Partial/Required:  1.14, Required:    400.0, Partial:   457.67, Net: _31818_, Pin: _52809_/A1, Layer: met1
Partial/Required:  1.14, Required:    400.0, Partial:   454.89, Net: _16931_, Pin: _42826_/A1, Layer: met1
Partial/Required:  1.14, Required:    400.0, Partial:   454.22, Net: _15977_, Pin: _64279_/A0, Layer: met1
Partial/Required:  1.13, Required:    400.0, Partial:   452.06, Net: _26070_, Pin: _43218_/A1, Layer: met2
Partial/Required:  1.13, Required:    400.0, Partial:   452.06, Net: _26070_, Pin: _43148_/A1, Layer: met2
Partial/Required:  1.13, Required:    400.0, Partial:   451.89, Net: _16638_, Pin: _65507_/A0, Layer: met1
Partial/Required:  1.13, Required:    400.0, Partial:    451.0, Net: _12958_, Pin: _58673_/A0, Layer: met2
Partial/Required:  1.13, Required:    400.0, Partial:    451.0, Net: _12958_, Pin: _58743_/A0, Layer: met2
Partial/Required:  1.13, Required:    400.0, Partial:    451.0, Net: _12958_, Pin: _58778_/A0, Layer: met2
Partial/Required:  1.13, Required:    400.0, Partial:   450.22, Net: _31820_, Pin: _52811_/A1, Layer: met1
Partial/Required:  1.12, Required:    400.0, Partial:   449.27, Net: _21406_, Pin: _36335_/A2, Layer: met2
Partial/Required:  1.12, Required:    400.0, Partial:   448.63, Net: _13288_, Pin: _54312_/A1, Layer: met3
Partial/Required:  1.12, Required:   2778.2, Partial:  3108.57, Net: _20187_, Pin: _35097_/A2_N, Layer: met3
Partial/Required:  1.11, Required:    400.0, Partial:    445.5, Net: _32243_, Pin: _52199_/A0, Layer: met3
Partial/Required:  1.11, Required:    400.0, Partial:    445.5, Net: _32243_, Pin: _52097_/A0, Layer: met3
Partial/Required:  1.11, Required:    400.0, Partial:    445.5, Net: _32243_, Pin: _52309_/A0, Layer: met3
Partial/Required:  1.11, Required:    400.0, Partial:   443.89, Net: _15143_, Pin: _62280_/A0, Layer: met1
Partial/Required:  1.11, Required:    400.0, Partial:   443.89, Net: _15143_, Pin: _62393_/A0, Layer: met1
Partial/Required:  1.11, Required:    400.0, Partial:   443.22, Net: _11487_, Pin: _56126_/A1, Layer: met2
Partial/Required:  1.11, Required:    400.0, Partial:   442.61, Net: u_ram.mem\[63\]\[11\], Pin: _35074_/A3, Layer: met2
Partial/Required:  1.10, Required:    400.0, Partial:   441.16, Net: _17550_, Pin: _66942_/A, Layer: met1
Partial/Required:  1.10, Required:    400.0, Partial:   440.97, Net: _17488_, Pin: _67937_/A, Layer: met2
Partial/Required:  1.10, Required:    400.0, Partial:   440.33, Net: _31867_, Pin: _52888_/A1, Layer: met1
Partial/Required:  1.10, Required:    400.0, Partial:   440.06, Net: _10493_, Pin: _55223_/B1_N, Layer: met1
Partial/Required:  1.09, Required:    400.0, Partial:   437.56, Net: _25285_, Pin: _41747_/A0, Layer: met1
Partial/Required:  1.09, Required:    400.0, Partial:   436.44, Net: _30690_, Pin: _51020_/A0, Layer: met1
Partial/Required:  1.09, Required:    400.0, Partial:   435.44, Net: _31774_, Pin: _50897_/A1, Layer: met1
Partial/Required:  1.08, Required:    400.0, Partial:   432.83, Net: _11477_, Pin: _56111_/A1, Layer: met2
Partial/Required:  1.08, Required:    400.0, Partial:   432.67, Net: _32641_, Pin: _52355_/A0, Layer: met1
Partial/Required:  1.08, Required:    400.0, Partial:    430.1, Net: _26902_, Pin: _44617_/A0, Layer: met3
Partial/Required:  1.08, Required:    400.0, Partial:    430.1, Net: _26902_, Pin: _44805_/A0, Layer: met3
Partial/Required:  1.08, Required:    400.0, Partial:    430.1, Net: _26902_, Pin: _44685_/A0, Layer: met3
Partial/Required:  1.08, Required:    400.0, Partial:    430.1, Net: _26902_, Pin: _44839_/A0, Layer: met3
Partial/Required:  1.08, Required:    400.0, Partial:    430.1, Net: _26902_, Pin: _44478_/A0, Layer: met3
Partial/Required:  1.07, Required:    400.0, Partial:   429.22, Net: u_ram.mem\[179\]\[24\], Pin: _37533_/A3, Layer: met1
Partial/Required:  1.07, Required:    400.0, Partial:    428.0, Net: _14838_, Pin: _61797_/A0, Layer: met1
Partial/Required:  1.07, Required:    400.0, Partial:   427.98, Net: _19254_, Pin: _35761_/B1, Layer: met1
Partial/Required:  1.07, Required:    400.0, Partial:   427.56, Net: _11477_, Pin: _53382_/A0, Layer: met3
Partial/Required:  1.07, Required:    400.0, Partial:   427.22, Net: _15567_, Pin: _40606_/A1, Layer: met3
Partial/Required:  1.07, Required:    400.0, Partial:   427.22, Net: _15567_, Pin: _40388_/A1, Layer: met3
Partial/Required:  1.07, Required:    400.0, Partial:   427.22, Net: _15567_, Pin: _40494_/A1, Layer: met3
Partial/Required:  1.07, Required:    400.0, Partial:   427.22, Net: _15567_, Pin: _65862_/A1, Layer: met3
Partial/Required:  1.07, Required:    400.0, Partial:   427.22, Net: _15567_, Pin: _65807_/A1, Layer: met3
Partial/Required:  1.07, Required:    400.0, Partial:   427.22, Net: _15567_, Pin: _65921_/A1, Layer: met3
Partial/Required:  1.07, Required:    400.0, Partial:   427.22, Net: _15567_, Pin: _66028_/A1, Layer: met3
Partial/Required:  1.07, Required:    400.0, Partial:   427.22, Net: _15567_, Pin: _39364_/A1, Layer: met3
Partial/Required:  1.07, Required:    400.0, Partial:   426.33, Net: _12967_, Pin: _58749_/A0, Layer: met1
Partial/Required:  1.06, Required:    400.0, Partial:   425.67, Net: _15716_, Pin: _63236_/A1, Layer: met1
Partial/Required:  1.06, Required:    400.0, Partial:   424.44, Net: _25351_, Pin: _41399_/A0, Layer: met1
Partial/Required:  1.06, Required:    400.0, Partial:   424.28, Net: _25803_, Pin: _42430_/A1, Layer: met1
Partial/Required:  1.06, Required:    400.0, Partial:   424.13, Net: _27504_, Pin: _47986_/A0, Layer: met3
Partial/Required:  1.05, Required:    400.0, Partial:   421.97, Net: _32141_, Pin: _52043_/A0, Layer: met3
Partial/Required:  1.05, Required:    400.0, Partial:   421.97, Net: _32141_, Pin: _52146_/A0, Layer: met3
Partial/Required:  1.05, Required:    400.0, Partial:   421.97, Net: _32141_, Pin: _52214_/A0, Layer: met3
Partial/Required:  1.05, Required:    400.0, Partial:   420.34, Net: _20296_, Pin: _35291_/A2, Layer: met1
Partial/Required:  1.05, Required:    400.0, Partial:   419.29, Net: _17837_, Pin: _66724_/C1, Layer: met2
Partial/Required:  1.04, Required:    400.0, Partial:   417.78, Net: _13249_, Pin: _61455_/A1, Layer: met1
Partial/Required:  1.04, Required:    400.0, Partial:   417.78, Net: _24220_, Pin: _39984_/A0, Layer: met2
Partial/Required:  1.04, Required:    400.0, Partial:   417.78, Net: _24220_, Pin: _39914_/A0, Layer: met2
Partial/Required:  1.04, Required:    400.0, Partial:   416.11, Net: _12438_, Pin: _57912_/A0, Layer: met1
Partial/Required:  1.04, Required:    400.0, Partial:   414.91, Net: _17931_, Pin: _67437_/B1, Layer: met1
Partial/Required:  1.03, Required:    400.0, Partial:   412.93, Net: _15120_, Pin: _62302_/A0, Layer: met1
Partial/Required:  1.03, Required:    400.0, Partial:   412.93, Net: _15120_, Pin: _62414_/A0, Layer: met1
Partial/Required:  1.03, Required:    400.0, Partial:   412.93, Net: _15120_, Pin: _62249_/A0, Layer: met1
Partial/Required:  1.03, Required:    400.0, Partial:   412.67, Net: _25281_, Pin: _41281_/A0, Layer: met1
Partial/Required:  1.03, Required:    400.0, Partial:   412.33, Net: _27027_, Pin: _45553_/A1, Layer: met2
Partial/Required:  1.03, Required:    400.0, Partial:   411.56, Net: _24230_, Pin: _39467_/A0, Layer: met1
Partial/Required:  1.02, Required:    400.0, Partial:   409.27, Net: _17402_, Pin: _66224_/A0, Layer: met3
Partial/Required:  1.02, Required:    400.0, Partial:   407.78, Net: _11711_, Pin: _57721_/A0, Layer: met1
Partial/Required:  1.02, Required:   2778.2, Partial:  2823.11, Net: _21667_, Pin: _36689_/A1_N, Layer: met3
Partial/Required:  1.02, Required:    400.0, Partial:   406.25, Net: _12949_, Pin: _58920_/A0, Layer: met2
Partial/Required:  1.02, Required:    400.0, Partial:   406.25, Net: _12949_, Pin: _58885_/A0, Layer: met2
Partial/Required:  1.01, Required:    400.0, Partial:   405.33, Net: _27029_, Pin: _45098_/A1, Layer: met1
Partial/Required:  1.01, Required:    400.0, Partial:    405.0, Net: _12447_, Pin: _58031_/A0, Layer: met1
Partial/Required:  1.01, Required:    400.0, Partial:   404.44, Net: _32644_, Pin: _52937_/A0, Layer: met1
Partial/Required:  1.01, Required:    400.0, Partial:   404.28, Net: _12806_, Pin: _58585_/A0, Layer: met2
Partial/Required:  1.01, Required:    400.0, Partial:   403.33, Net: _11643_, Pin: _57029_/A1, Layer: met1
Partial/Required:  1.01, Required:    400.0, Partial:   403.11, Net: _13605_, Pin: _60259_/A0, Layer: met1
Partial/Required:  1.00, Required:    400.0, Partial:   401.22, Net: _12764_, Pin: _58312_/A0, Layer: met1
Partial/Required:  1.00, Required:    400.0, Partial:   401.06, Net: _11220_, Pin: _57674_/C_N, Layer: met2
Partial/Required:  1.00, Required:    400.0, Partial:   400.06, Net: _32139_, Pin: _52041_/A0, Layer: met2
